CPU:   Allwinner V3s (SUN8I 1681)
Model: Lichee Pi Zero
DRAM:  64 MiB
MMC:   SUNXI SD/MMC: 0
Loading Environment from FAT... *** Warning - bad CRC, using default environment

In:    serial@01c28000
Out:   serial@01c28000
Err:   serial@01c28000
Net:   No ethernet found.
starting USB...
No controllers found
Hit any key to stop autoboot:  0
switch to partitions #0, OK
mmc0 is current device
Scanning mmc 0:1...
Found U-Boot script /boot.scr
201 bytes read in 2 ms (97.7 KiB/s)
## Executing script at 41900000
switch to partitions #0, OK
mmc0 is current device
Scanning mmc 0:1...
11696 bytes read in 33 ms (345.7 KiB/s)
Found EFI removable media binary efi/boot/bootarm.efi
Scanning disks on usb...
Disk usb0 not ready
Disk usb1 not ready
Disk usb2 not ready
Disk usb3 not ready
Scanning disks on mmc...
MMC Device 1 not found
MMC Device 2 not found
MMC Device 3 not found
Found 3 disks
163248 bytes read in 15 ms (10.4 MiB/s)
## Starting EFI application at 41000000 ...

>> NetBSD/evbarm efiboot (arm), Revision 2.5 (Sun Apr  4 15:53:54 UTC 2021)
Press return to boot now, any other key for boot prompt
booting netbsd - starting in 0 seconds.
8537680+2328668+1406884 [434390+512416+544371]=0xd2c7f4
[   1.0000000] NetBSD/evbarm (fdt) booting ...
[   1.0000000] [ Kernel symbol table missing! ]
[   1.0000000] Copyright (c) 1996, 1997, 1998, 1999, 2000, 2001, 2002, 2003, 2004, 2005,
[   1.0000000]     2006, 2007, 2008, 2009, 2010, 2011, 2012, 2013, 2014, 2015, 2016, 2017,
[   1.0000000]     2018, 2019, 2020, 2021 The NetBSD Foundation, Inc.  All rights reserved.
[   1.0000000] Copyright (c) 1982, 1986, 1989, 1991, 1993
[   1.0000000]     The Regents of the University of California.  All rights reserved.

[   1.0000000] NetBSD 9.99.81 (GENERIC) #6: Mon Apr  5 12:25:34 CST 2021
[   1.0000000]  rxg@picohive:/usr/src/sys/arch/evbarm/compile/obj.evbarm/GENERIC
[   1.0000000] total memory = 65536 KB
[   1.0000000] avail memory = 47876 KB
[   1.0000000] armfdt0 (root)
[   1.0000000] simplebus0 at armfdt0: Lichee Pi Zero
[   1.0000000] simplebus1 at simplebus0
[   1.0000000] simplebus2 at simplebus0
[   1.0000000] cpus0 at simplebus0
[   1.0000000] simplebus3 at simplebus0
[   1.0000000] cpu0 at cpus0: Cortex-A7 r0p5 (Cortex V7A core)
[   1.0000000] cpu0: DC enabled IC enabled WB enabled LABT branch prediction enabled
[   1.0000000] cpu0: 32KB/32B 2-way L1 VIPT Instruction cache
[   1.0000000] cpu0: 32KB/64B 4-way write-back-locking-C L1 PIPT Data cache
[   1.0000000] cpu0: 128KB/64B 8-way write-through L2 PIPT Unified cache
[   1.0000000] vfp0 at cpu0: NEON MPE (VFP 3.0+), rounding, NaN propagation, denormals
[   1.0000000] gic0 at simplebus1: GIC
[   1.0000000] armgic0 at gic0: Generic Interrupt Controller, 160 sources (150 valid)
[   1.0000000] armgic0: 16 Priorities, 128 SPIs, 7 PPIs, 15 SGIs
[   1.0000000] fclock0 at simplebus2: 24000000 Hz fixed clock (osc24M)
[   1.0000000] fclock1 at simplebus2: 32768 Hz fixed clock (ext-osc32k)
[   1.0000000] gtmr0 at simplebus0: Generic Timer
[   1.0000000] gtmr0: interrupting on GIC irq 27
[   1.0000000] armgtmr0 at gtmr0: Generic Timer (24000 kHz, virtual)
[   1.0000030] sun8iv3sccu0 at simplebus1: V3s CCU
[   1.0000030] com0 at simplebus1: DesignWare APB UART, no fifo
[   1.0000030] com0: console
[   1.0000030] com0: interrupting on GIC irq 32
[   1.0000030] fregulator0 at simplebus0: vcc3v3
[   1.0000030] fregulator1 at simplebus0: vcc3v0
[   1.0000030] fregulator2 at simplebus0: vcc5v0
[   1.0000030] /soc/mixer@1100000 at simplebus1 not configured
[   1.0000030] /soc/clock@1000000 at simplebus1 not configured
[   1.0000030] /soc/pinctrl@1c20800 at simplebus1 not configured
[   1.0000030] /soc/phy@1c19400 at simplebus1 not configured
[   1.0000030] sunxirtc0 at simplebus1: RTC
[   1.0000030] sunximmc0 at simplebus1: SD/MMC controller
[   1.0000030] sunximmc0: interrupting on GIC irq 92
[   1.0000030] motg0 at simplebus1: 'otg' mode not supported
[   1.0000030] sunxiwdt0 at simplebus1: Watchdog
[   1.0000030] sunxiwdt0: default watchdog period is 16 seconds
[   1.0000030] psci0 at simplebus0: PSCI 0.1
[   1.0000030] gpioleds0 at simplebus0:
[   1.0000030] /soc/timer@1c20c00 at simplebus1 not configured
[   1.0000030] entropy: WARNING: extracting entropy too early
[   1.0000030] sdmmc0 at sunximmc0
[   1.2526526] sdmmc0: SD card status: 4-bit, C10, U1, V10
[   1.2627085] ld0 at sdmmc0: <0x9f:0x5449:00000:0x00:0x00000384:0x12c>
[   1.2627085] ld0: 30168 MB, 7661 cyl, 128 head, 63 sec, 512 bytes/sect x 61784064 sectors
[   1.2827098] ld0: 4-bit width, High-Speed/SDR25, 50.000 MHz
[   1.2927146] boot device: ld0
[   1.2927146] root on ld0a dumps on ld0b
[   1.3044774] root file system type: ffs
[   1.3139720] kern.module.path=/stand/evbarm/9.99.81/modules
[   1.3139720] WARNING: clock lost 7765 days
[   1.3268634] WARNING: using filesystem time
[   1.3309222] WARNING: CHECK AND RESET THE DATE!
Mon Apr  5 04:35:19 UTC 2021
Starting root file system check:
/dev/rld0a: file system is clean; not checking
fdisk: Cannot determine the number of heads
Not resizing / (/dev/ld0a): already correct size
Starting file system checks:
/dev/rld0e: 486 files, 32021 free (32021 clusters)
rndctl: no entropy in seed
Setting tty flags.
Setting sysctl variables:
ddb.onpanic: 1 -> 0
Starting network.
Hostname: armv7
IPv6 mode: host
Configuring network interfaces:.
Adding interface aliases:.
Waiting for duplicate address detection to finish...
Starting dhcpcd.
Starting mdnsd.
Building databases: dev, utmp, utmpx.
Starting syslogd.
Mounting all file systems...
Clearing temporary files.
Creating a.out runtime link editor directory cache.
Checking quotas: done.
Setting securelevel: kern.securelevel: 0 -> 1
Starting virecover.
Starting devpubd.
Starting local daemons:.
Updating motd.
Starting ntpd.
Starting sshd.
Starting postfix.
Starting inetd.
Starting cron.
Mon Apr  5 04:35:36 UTC 2021

NetBSD/evbarm (armv7) (constty)

login:
